******************************************************************************
                  TI ARM Linker PC v20.2.5                     
******************************************************************************
>> Linked Wed Mar 19 20:31:29 2025

OUTPUT FILE NAME:   <CAN_Sistemas_2025.out>
ENTRY POINT SYMBOL: "_c_int00_noargs"  address: 000009bd


MEMORY CONFIGURATION

         name            origin    length      used     unused   attr    fill
----------------------  --------  ---------  --------  --------  ----  --------
  FLASH                 00000000   00100000  00000a64  000ff59c  R  X
  SRAM                  20000000   00040000  00000230  0003fdd0  RW X


SEGMENT ALLOCATION MAP

run origin  load origin   length   init length attrs members
----------  ----------- ---------- ----------- ----- -------
00000000    00000000    00000a68   00000a68    r-x
  00000000    00000000    00000208   00000208    r-- .intvecs
  00000208    00000208    0000082c   0000082c    r-x .text
  00000a38    00000a38    00000030   00000030    r-- .cinit
20000000    20000000    00000230   00000000    rw-
  20000000    20000000    00000200   00000000    rw- .stack
  20000200    20000200    00000028   00000000    rw- .bss
  20000228    20000228    00000008   00000000    rw- .data


SECTION ALLOCATION MAP

 output                                  attributes/
section   page    origin      length       input sections
--------  ----  ----------  ----------   ----------------
.intvecs   0    00000000    00000208     
                  00000000    00000208     tm4c1294ncpdt_startup_ccs.obj (.intvecs)

.text      0    00000208    0000082c     
                  00000208    00000354     CAN_Practica_1294.obj (.text)
                  0000055c    00000318     IEEE_CAN.obj (.text)
                  00000874    0000009c     rtsv7M4_T_le_v4SPD16_eabi.lib : memcpy_t2.asm.obj (.text)
                  00000910    00000068                                   : copy_decompress_lzss.c.obj (.text:decompress:lzss:__TI_decompress_lzss)
                  00000978    00000044                                   : autoinit.c.obj (.text:__TI_auto_init_nobinit_nopinit:__TI_auto_init_nobinit_nopinit)
                  000009bc    00000034                                   : boot_cortex_m.c.obj (.text:_c_int00_noargs:_c_int00_noargs)
                  000009f0    0000001c                                   : copy_zero_init.c.obj (.text:decompress:ZI:__TI_zero_init_nomemset:__TI_zero_init_nomemset)
                  00000a0c    0000000e                                   : copy_decompress_none.c.obj (.text:decompress:none:__TI_decompress_none)
                  00000a1a    0000000c     tm4c1294ncpdt_startup_ccs.obj (.text)
                  00000a26    00000006     driverlib.lib : sysctl.obj (.text:SysCtlDelay)
                  00000a2c    00000004     rtsv7M4_T_le_v4SPD16_eabi.lib : pre_init.c.obj (.text:_system_pre_init)
                  00000a30    00000004                                   : exit.c.obj (.text:abort:abort)

.cinit     0    00000a38    00000030     
                  00000a38    0000000c     (__TI_handler_table)
                  00000a44    0000000a     (.cinit..data.load) [load image, compression = lzss]
                  00000a4e    00000002     --HOLE-- [fill = 0]
                  00000a50    00000008     (.cinit..bss.load) [load image, compression = zero_init]
                  00000a58    00000010     (__TI_cinit_table)

.init_array 
*          0    00000000    00000000     UNINITIALIZED

.bss       0    20000200    00000028     UNINITIALIZED
                  20000200    00000028     (.common:Rx)

.data      0    20000228    00000008     UNINITIALIZED
                  20000228    00000008     CAN_Practica_1294.obj (.data)

.stack     0    20000000    00000200     UNINITIALIZED
                  20000000    00000004     rtsv7M4_T_le_v4SPD16_eabi.lib : boot_cortex_m.c.obj (.stack)
                  20000004    000001fc     --HOLE--

__llvm_prf_cnts 
*          0    20000000    00000000     UNINITIALIZED

MODULE SUMMARY

       Module                          code   ro data   rw data
       ------                          ----   -------   -------
    .\
       CAN_Practica_1294.obj           852    0         48     
       IEEE_CAN.obj                    792    0         0      
       tm4c1294ncpdt_startup_ccs.obj   12     520       0      
    +--+-------------------------------+------+---------+---------+
       Total:                          1656   520       48     
                                                               
    C:/ti/TivaWare_C_Series-2.1.4.178/driverlib/ccs/Debug/driverlib.lib
       sysctl.obj                      6      0         0      
    +--+-------------------------------+------+---------+---------+
       Total:                          6      0         0      
                                                               
    C:\ti\ccs1120\ccs\tools\compiler\ti-cgt-arm_20.2.5.LTS\lib\rtsv7M4_T_le_v4SPD16_eabi.lib
       memcpy_t2.asm.obj               156    0         0      
       copy_decompress_lzss.c.obj      104    0         0      
       autoinit.c.obj                  68     0         0      
       boot_cortex_m.c.obj             52     0         0      
       copy_zero_init.c.obj            28     0         0      
       copy_decompress_none.c.obj      14     0         0      
       exit.c.obj                      4      0         0      
       pre_init.c.obj                  4      0         0      
    +--+-------------------------------+------+---------+---------+
       Total:                          430    0         0      
                                                               
       Stack:                          0      0         512    
       Linker Generated:               0      46        0      
    +--+-------------------------------+------+---------+---------+
       Grand Total:                    2092   566       560    


LINKER GENERATED COPY TABLES

__TI_cinit_table @ 00000a58 records: 2, size/record: 8, table size: 16
	.data: load addr=00000a44, load size=0000000a bytes, run addr=20000228, run size=00000008 bytes, compression=lzss
	.bss: load addr=00000a50, load size=00000008 bytes, run addr=20000200, run size=00000028 bytes, compression=zero_init


LINKER GENERATED HANDLER TABLE

__TI_handler_table @ 00000a38 records: 3, size/record: 4, table size: 12
	index: 0, handler: __TI_decompress_lzss
	index: 1, handler: __TI_decompress_none
	index: 2, handler: __TI_zero_init


GLOBAL SYMBOLS: SORTED ALPHABETICALLY BY Name 

address   name                          
-------   ----                          
20000229  C                             
00000a31  C$$EXIT                       
000002ff  CAN_Error                     
000005bd  CAN_Memoria_Arb               
00000605  CAN_Memoria_CtrlMsk           
0000055d  CAN_Memoria_Dato              
000006a9  CAN_Rx                        
00000689  CAN_Tx                        
000002c3  Config_CAN                    
00000209  Config_Puertos                
000003b3  GPIOPortJ_Handler             
00000369  Inter_CAN0                    
00000405  Leds                          
00000a1b  ResetISR                      
20000200  Rx                            
00000a27  SysCtlDelay                   
2000022a  W                             
20000200  __STACK_END                   
00000200  __STACK_SIZE                  
20000200  __STACK_TOP                   
00000a58  __TI_CINIT_Base               
00000a68  __TI_CINIT_Limit              
00000a38  __TI_Handler_Table_Base       
00000a44  __TI_Handler_Table_Limit      
00000979  __TI_auto_init_nobinit_nopinit
00000911  __TI_decompress_lzss          
00000a0d  __TI_decompress_none          
ffffffff  __TI_pprof_out_hndl           
ffffffff  __TI_prof_data_size           
ffffffff  __TI_prof_data_start          
00000000  __TI_static_base__            
000009f1  __TI_zero_init_nomemset       
00000875  __aeabi_memcpy                
00000875  __aeabi_memcpy4               
00000875  __aeabi_memcpy8               
ffffffff  __binit__                     
ffffffff  __c_args__                    
UNDEFED   __mpu_init                    
20000000  __stack                       
20000000  __start___llvm_prf_cnts       
20000000  __stop___llvm_prf_cnts        
000009bd  _c_int00_noargs               
UNDEFED   _system_post_cinit            
00000a2d  _system_pre_init              
00000a31  abort                         
ffffffff  binit                         
20000228  count_int                     
00000000  g_pfnVectors                  
00000439  main                          
00000875  memcpy                        


GLOBAL SYMBOLS: SORTED BY Symbol Address 

address   name                          
-------   ----                          
00000000  __TI_static_base__            
00000000  g_pfnVectors                  
00000200  __STACK_SIZE                  
00000209  Config_Puertos                
000002c3  Config_CAN                    
000002ff  CAN_Error                     
00000369  Inter_CAN0                    
000003b3  GPIOPortJ_Handler             
00000405  Leds                          
00000439  main                          
0000055d  CAN_Memoria_Dato              
000005bd  CAN_Memoria_Arb               
00000605  CAN_Memoria_CtrlMsk           
00000689  CAN_Tx                        
000006a9  CAN_Rx                        
00000875  __aeabi_memcpy                
00000875  __aeabi_memcpy4               
00000875  __aeabi_memcpy8               
00000875  memcpy                        
00000911  __TI_decompress_lzss          
00000979  __TI_auto_init_nobinit_nopinit
000009bd  _c_int00_noargs               
000009f1  __TI_zero_init_nomemset       
00000a0d  __TI_decompress_none          
00000a1b  ResetISR                      
00000a27  SysCtlDelay                   
00000a2d  _system_pre_init              
00000a31  C$$EXIT                       
00000a31  abort                         
00000a38  __TI_Handler_Table_Base       
00000a44  __TI_Handler_Table_Limit      
00000a58  __TI_CINIT_Base               
00000a68  __TI_CINIT_Limit              
20000000  __stack                       
20000000  __start___llvm_prf_cnts       
20000000  __stop___llvm_prf_cnts        
20000200  Rx                            
20000200  __STACK_END                   
20000200  __STACK_TOP                   
20000228  count_int                     
20000229  C                             
2000022a  W                             
ffffffff  __TI_pprof_out_hndl           
ffffffff  __TI_prof_data_size           
ffffffff  __TI_prof_data_start          
ffffffff  __binit__                     
ffffffff  __c_args__                    
ffffffff  binit                         
UNDEFED   __mpu_init                    
UNDEFED   _system_post_cinit            

[50 symbols]
